phashmap_inst_coherence.lean:11:0: error: type mismatch at application
  PersistentHashMap.find? m
term
  m
has type
  @PersistentHashMap Nat Nat (@beqOfEq Nat (fun (ab : Nat) => Nat.DecidableEq a b)) Nat.Hashable
but is expected to have type
  @PersistentHashMap Nat Nat (@beqOfEq Nat (fun (ab : Nat) => Nat.DecidableEq a b)) natDiffHash
